// Jest Snapshot v1, https://goo.gl/fbAQLP

exports[`Storyshots stories/components/Button Default 1`] = `
<button
  className="a"
>
  aaa
</button>
`;
